// Jest Snapshot v1, https://goo.gl/fbAQLP

exports[`parseRootMargin throws when using wrong units 1`] = `"rootMargin must be a string literal containing pixels and/or percent values"`;

exports[`parseRootMargin throws when using wrong units 2`] = `"rootMargin must be a string literal containing pixels and/or percent values"`;
